singbox-vpn destructive lifecycle acceptance gate
target: root@157.173.27.46
acceptance scope: PRODUCTION RELEASE v1.0.0-rc.7
THIS WILL WIPE singbox-vpn STATE ON THE TARGET HOST. 5s to Ctrl-C...

=== 0. connectivity + OS baseline ===
[PASS] SSH reachable                                          
[PASS] AlmaLinux 9 confirmed                                  
[PASS] x86_64 arch confirmed                                  

=== 0a. existing singbox-vpn installation guard ===
[PASS] no existing singbox-vpn installation detected on target — safe to provision fresh

=== 0b. bootstrap prerequisites (bash, curl, tar) ===
[PASS] bootstrap prerequisites present (bash, curl, tar)      

=== 1. SSH baseline (before any install) ===
[PASS] SSH baseline captured (port 22)                        

=== 1b. host baseline (sanitized, no secrets) ===
[PASS] host baseline captured                                 

=== 2. clean install ===
[bootstrap] singbox-vpn bootstrap installer starting (repo=David610/singbox-vpn)
[bootstrap] using pinned version v1.0.0-rc.7 (explicitly requested)
[bootstrap] downloading singbox-vpn v1.0.0-rc.7 release source archive + checksum manifest...
singbox-vpn-src.tar.gz: OK
[bootstrap] source archive checksum verified against release SHA256SUMS.
[bootstrap] downloading pinned cosign v3.1.3 (amd64) to verify release attestations...
Verified OK
[bootstrap] artifact attestation verified for repository David610/singbox-vpn.
[bootstrap] extracting...

[bootstrap] handing off to deploy/almalinux/install.sh (repo checked out at /tmp/singbox-vpn-install.QjZImttF/singbox-vpn-src)

[install] === [1/18] preflight ===
[install] acquired installer lock (/run/lock/singbox-vpn-installer.lock) — no other install.sh/update.sh can run concurrently.
[install] detected OS: AlmaLinux 9.8 (Olive Jaguar) (family=rhel, implementation_coverage=tested)
[install] detected architecture: amd64 (x86_64)
[install] disk space OK: 29673MiB free on /
[install] memory OK: 1705MiB total
[install] internet connectivity OK (https://github.com reachable)
[install] DNS resolution OK (github.com)
[install] required ports (443/tcp, 443/udp, 8443/tcp) are free.
[install] confirmed SSH port: 22 — will remain allowed through any firewall activation singbox-vpn performs.
[install] no existing installation detected — this will be a fresh install.
[install] installing a persistent copy of the singbox-vpn source to /opt/singbox-vpn (for future updates/uninstall)...
[install] using operator-supplied PUBLIC_HOST=vpn.xn--e1awgr.com
[install] DNS for vpn.xn--e1awgr.com resolves to this server (157.173.27.46).
[install] REALITY_HANDSHAKE_SERVER=www.google.com answered with TLS 1.3 on 443/tcp — looks usable as a decoy.
[install] wrote install-state manifest (/var/lib/singbox-vpn/install-state.json, acceptance=installing)

[install] === [2/18] OS packages ===
[install] installing OS packages (dnf)...
[install] usable curl already present (/usr/bin/curl) — not adding 'curl' to the install list (avoids a curl-minimal/curl file conflict on Amazon Linux 2023 and similar images).
[install] staging SSH port 22/tcp into firewalld's permanent configuration before starting firewalld...
Warning: ALREADY_ENABLED: ssh
[install] permanent SSH allow rule for port 22/tcp positively verified on zone 'public' — starting firewalld now.
Created symlink /etc/systemd/system/dbus-org.fedoraproject.FirewallD1.service → /usr/lib/systemd/system/firewalld.service.
Created symlink /etc/systemd/system/multi-user.target.wants/firewalld.service → /usr/lib/systemd/system/firewalld.service.
[install] firewalld active on zone 'public'; SSH port 22/tcp positively confirmed allowed (permanent and runtime) before any further firewall changes.

[install] === [3/18] host configuration ===
[install] host configuration: PUBLIC_HOST=vpn.xn--e1awgr.com SUBSCRIPTION_HOST=vpn.xn--e1awgr.com

[install] === [4/18] singbox-vpn binaries ===
[install] checking for a prebuilt release (singbox-vpn-x86_64-unknown-linux-gnu.tar.gz)...
singbox-vpn-x86_64-unknown-linux-gnu.tar.gz: OK
[install] checksum verified against release SHA256SUMS.
[install] downloading pinned cosign v3.1.3 (amd64) to verify release attestations...
Verified OK
[install] artifact attestation verified for repository David610/singbox-vpn.
[install] installed prebuilt singbox-vpn v1.0.0-rc.7 binaries (x86_64-unknown-linux-gnu) — no Rust compiler needed.
[install] install mode: FRESH (no existing deployment detected).

[install] === [5/18] sing-box installation ===
[install] downloading pinned sing-box 1.13.19 (amd64) from official release assets...
[install] checksum verified against pinned expected SHA256 (no upstream checksums.txt published for this release).
sing-box version 1.13.19

Environment: go1.25.12 linux/amd64
Tags: with_gvisor,with_quic,with_dhcp,with_wireguard,with_utls,with_acme,with_clash_api,with_tailscale,with_ccm,with_ocm,with_naive_outbound,badlinkname,tfogo_checklinkname0,with_purego
Revision: b5ebaa1fc0f2b94256180b95468e73ef53caa27d
CGO: disabled
[install] sing-box 1.13.19 installed at /usr/local/bin/sing-box

[install] === [6/18] systemd ===
[install] installing systemd units...

[install] === [7/18] users/groups ===
useradd: group sing-box exists - if you want to add this user to that group, use -g.
[install] ERROR: installation failed: stage=users-groups function=create_service_users line=1757 operation=stage-command exit=9 (command text suppressed to protect secrets).
[install] this was a FRESH install (nothing existed before this run) — rolling back everything singbox-vpn created during this failed attempt...
[uninstall] stopping and disabling singbox-vpn services...
[uninstall] removing/restoring singbox-vpn systemd units...
[uninstall] removing installed binaries...
[uninstall] removing singbox-vpn-issued certificates...
[uninstall] no singbox-vpn-issued certificate lineages recorded (either none were issued, or this host predates ownership tracking — pre-existing/unrelated certificates are always left untouched).
[uninstall] removing/restoring singbox-vpn nginx configuration...
[uninstall] restoring kernel network tuning to its pre-singbox-vpn state...
[uninstall] no perf-tuning baseline found — kernel tuning was never applied, or already rolled back.
[uninstall] removing singbox-vpn firewall rules...
[uninstall] no singbox-vpn firewall ownership record found — either firewall rules were never added, or this uninstall already ran.
[uninstall] restored firewalld to its pre-singbox-vpn (not enabled) state.
[uninstall] removing singbox-vpn-created service accounts...
[uninstall] Rust toolchain was pre-existing (or never installed by singbox-vpn) — leaving it in place.
[uninstall] removing packages singbox-vpn installed that were not present before: libidn2
[uninstall] WARNING: some singbox-vpn-installed packages could not be removed automatically (likely still depended on by something else) — leaving them; check with: dnf list installed libidn2
[uninstall] removing singbox-vpn state under /var/lib/singbox-vpn...
[uninstall] removing /opt/singbox-vpn (persistent singbox-vpn source tree)...
[uninstall] UNINSTALL COMPLETE WITH SAFE RETAINED DEPENDENCIES/AMBIGUOUS ITEMS — critical singbox-vpn state is gone; see retained items below.
[uninstall] Non-critical items left behind (safe to ignore, or clean up manually):
[uninstall]   - package(s) singbox-vpn installed could not be removed (dnf refused, likely a dependency of unrelated software): libidn2

━━━━━━━━━━━━━━━━━━━━━━━━━━━━━━━━━━━━━━━━
 singbox-vpn uninstall: manual checklist
━━━━━━━━━━━━━━━━━━━━━━━━━━━━━━━━━━━━━━━━
This script cannot see or modify your CLOUD PROVIDER's network-level
firewall (AWS/EC2 Security Groups, GCP firewall rules, Azure NSGs,
etc.) — only this host's own firewall (firewalld/ufw), which it already
restored above. If you opened inbound rules there specifically for
singbox-vpn (443/tcp, 443/udp, the subscription port), remove them in that
provider's console/CLI yourself.
[bootstrap] install failed (exit 9). Temporary files cleaned up. See errors above.
[bootstrap] For diagnostics after a partial install: vpn doctor  /  journalctl -u sing-box -u vpn-subscription --no-pager -n 100
[FAIL][required] install.sh (clean)                            

=== 3. SSH after install (new connection, port 22) ===
[PASS] SSH still active post-install                          

=== 4-5. acceptance/reboot checks ===
[BLOCKED] acceptance and reboot checks                        (clean install never established a working baseline)

=== 6. repair / idempotent re-run ===
[bootstrap] singbox-vpn bootstrap installer starting (repo=David610/singbox-vpn)
[bootstrap] using pinned version v1.0.0-rc.7 (explicitly requested)
[bootstrap] downloading singbox-vpn v1.0.0-rc.7 release source archive + checksum manifest...
singbox-vpn-src.tar.gz: OK
[bootstrap] source archive checksum verified against release SHA256SUMS.
[bootstrap] downloading pinned cosign v3.1.3 (amd64) to verify release attestations...
Verified OK
[bootstrap] artifact attestation verified for repository David610/singbox-vpn.
[bootstrap] extracting...

[bootstrap] handing off to deploy/almalinux/install.sh (repo checked out at /tmp/singbox-vpn-install.F2i2NkG5/singbox-vpn-src)

[install] === [1/18] preflight ===
[install] acquired installer lock (/run/lock/singbox-vpn-installer.lock) — no other install.sh/update.sh can run concurrently.
[install] detected OS: AlmaLinux 9.8 (Olive Jaguar) (family=rhel, implementation_coverage=tested)
[install] detected architecture: amd64 (x86_64)
[install] disk space OK: 29539MiB free on /
[install] memory OK: 1705MiB total
[install] internet connectivity OK (https://github.com reachable)
[install] DNS resolution OK (github.com)
[install] required ports (443/tcp, 443/udp, 8443/tcp) are free.
[install] confirmed SSH port: 22 — will remain allowed through any firewall activation singbox-vpn performs.
[install] no existing installation detected — this will be a fresh install.
[install] installing a persistent copy of the singbox-vpn source to /opt/singbox-vpn (for future updates/uninstall)...
[install] using operator-supplied PUBLIC_HOST=vpn.xn--e1awgr.com
[install] DNS for vpn.xn--e1awgr.com resolves to this server (157.173.27.46).
[install] REALITY_HANDSHAKE_SERVER=www.google.com answered with TLS 1.3 on 443/tcp — looks usable as a decoy.
[install] wrote install-state manifest (/var/lib/singbox-vpn/install-state.json, acceptance=installing)

[install] === [2/18] OS packages ===
[install] installing OS packages (dnf)...
[install] usable curl already present (/usr/bin/curl) — not adding 'curl' to the install list (avoids a curl-minimal/curl file conflict on Amazon Linux 2023 and similar images).
[install] staging SSH port 22/tcp into firewalld's permanent configuration before starting firewalld...
Warning: ALREADY_ENABLED: ssh
[install] permanent SSH allow rule for port 22/tcp positively verified on zone 'public' — starting firewalld now.
Created symlink /etc/systemd/system/dbus-org.fedoraproject.FirewallD1.service → /usr/lib/systemd/system/firewalld.service.
Created symlink /etc/systemd/system/multi-user.target.wants/firewalld.service → /usr/lib/systemd/system/firewalld.service.
[install] firewalld active on zone 'public'; SSH port 22/tcp positively confirmed allowed (permanent and runtime) before any further firewall changes.

[install] === [3/18] host configuration ===
[install] host configuration: PUBLIC_HOST=vpn.xn--e1awgr.com SUBSCRIPTION_HOST=vpn.xn--e1awgr.com

[install] === [4/18] singbox-vpn binaries ===
[install] checking for a prebuilt release (singbox-vpn-x86_64-unknown-linux-gnu.tar.gz)...
singbox-vpn-x86_64-unknown-linux-gnu.tar.gz: OK
[install] checksum verified against release SHA256SUMS.
[install] downloading pinned cosign v3.1.3 (amd64) to verify release attestations...
Verified OK
[install] artifact attestation verified for repository David610/singbox-vpn.
[install] installed prebuilt singbox-vpn v1.0.0-rc.7 binaries (x86_64-unknown-linux-gnu) — no Rust compiler needed.
[install] install mode: FRESH (no existing deployment detected).

[install] === [5/18] sing-box installation ===
[install] downloading pinned sing-box 1.13.19 (amd64) from official release assets...
[install] checksum verified against pinned expected SHA256 (no upstream checksums.txt published for this release).
sing-box version 1.13.19

Environment: go1.25.12 linux/amd64
Tags: with_gvisor,with_quic,with_dhcp,with_wireguard,with_utls,with_acme,with_clash_api,with_tailscale,with_ccm,with_ocm,with_naive_outbound,badlinkname,tfogo_checklinkname0,with_purego
Revision: b5ebaa1fc0f2b94256180b95468e73ef53caa27d
CGO: disabled
[install] sing-box 1.13.19 installed at /usr/local/bin/sing-box

[install] === [6/18] systemd ===
[install] installing systemd units...

[install] === [7/18] users/groups ===
useradd: group sing-box exists - if you want to add this user to that group, use -g.
[install] ERROR: installation failed: stage=users-groups function=create_service_users line=1757 operation=stage-command exit=9 (command text suppressed to protect secrets).
[install] this was a FRESH install (nothing existed before this run) — rolling back everything singbox-vpn created during this failed attempt...
[uninstall] stopping and disabling singbox-vpn services...
[uninstall] removing/restoring singbox-vpn systemd units...
[uninstall] removing installed binaries...
[uninstall] removing singbox-vpn-issued certificates...
[uninstall] no singbox-vpn-issued certificate lineages recorded (either none were issued, or this host predates ownership tracking — pre-existing/unrelated certificates are always left untouched).
[uninstall] removing/restoring singbox-vpn nginx configuration...
[uninstall] restoring kernel network tuning to its pre-singbox-vpn state...
[uninstall] no perf-tuning baseline found — kernel tuning was never applied, or already rolled back.
[uninstall] removing singbox-vpn firewall rules...
[uninstall] no singbox-vpn firewall ownership record found — either firewall rules were never added, or this uninstall already ran.
[uninstall] restored firewalld to its pre-singbox-vpn (not enabled) state.
[uninstall] removing singbox-vpn-created service accounts...
[uninstall] Rust toolchain was pre-existing (or never installed by singbox-vpn) — leaving it in place.
[uninstall] removing packages singbox-vpn installed that were not present before: libidn2
[uninstall] WARNING: some singbox-vpn-installed packages could not be removed automatically (likely still depended on by something else) — leaving them; check with: dnf list installed libidn2
[uninstall] removing singbox-vpn state under /var/lib/singbox-vpn...
[uninstall] removing /opt/singbox-vpn (persistent singbox-vpn source tree)...
[uninstall] UNINSTALL COMPLETE WITH SAFE RETAINED DEPENDENCIES/AMBIGUOUS ITEMS — critical singbox-vpn state is gone; see retained items below.
[uninstall] Non-critical items left behind (safe to ignore, or clean up manually):
[uninstall]   - package(s) singbox-vpn installed could not be removed (dnf refused, likely a dependency of unrelated software): libidn2

━━━━━━━━━━━━━━━━━━━━━━━━━━━━━━━━━━━━━━━━
 singbox-vpn uninstall: manual checklist
━━━━━━━━━━━━━━━━━━━━━━━━━━━━━━━━━━━━━━━━
This script cannot see or modify your CLOUD PROVIDER's network-level
firewall (AWS/EC2 Security Groups, GCP firewall rules, Azure NSGs,
etc.) — only this host's own firewall (firewalld/ufw), which it already
restored above. If you opened inbound rules there specifically for
singbox-vpn (443/tcp, 443/udp, the subscription port), remove them in that
provider's console/CLI yourself.
[bootstrap] install failed (exit 9). Temporary files cleaned up. See errors above.
[bootstrap] For diagnostics after a partial install: vpn doctor  /  journalctl -u sing-box -u vpn-subscription --no-pager -n 100
[FAIL][required] install.sh (idempotent re-run) + SSH reconnect 

=== 7. failed/interrupted install cleanup (scratch scenario; ends with singbox-vpn fully removed) ===
[BLOCKED] interrupted-install cleanup scenario                (no working installation to exercise as a repair)

=== 8. reinstall after interrupted-install cleanup (back to a working baseline for the rest of this run) ===
[bootstrap] singbox-vpn bootstrap installer starting (repo=David610/singbox-vpn)
[bootstrap] using pinned version v1.0.0-rc.7 (explicitly requested)
[bootstrap] downloading singbox-vpn v1.0.0-rc.7 release source archive + checksum manifest...
singbox-vpn-src.tar.gz: OK
[bootstrap] source archive checksum verified against release SHA256SUMS.
[bootstrap] downloading pinned cosign v3.1.3 (amd64) to verify release attestations...
Verified OK
[bootstrap] artifact attestation verified for repository David610/singbox-vpn.
[bootstrap] extracting...

[bootstrap] handing off to deploy/almalinux/install.sh (repo checked out at /tmp/singbox-vpn-install.7CjiqCaW/singbox-vpn-src)

[install] === [1/18] preflight ===
[install] acquired installer lock (/run/lock/singbox-vpn-installer.lock) — no other install.sh/update.sh can run concurrently.
[install] detected OS: AlmaLinux 9.8 (Olive Jaguar) (family=rhel, implementation_coverage=tested)
[install] detected architecture: amd64 (x86_64)
[install] disk space OK: 29400MiB free on /
[install] memory OK: 1705MiB total
[install] internet connectivity OK (https://github.com reachable)
[install] DNS resolution OK (github.com)
[install] required ports (443/tcp, 443/udp, 8443/tcp) are free.
[install] confirmed SSH port: 22 — will remain allowed through any firewall activation singbox-vpn performs.
[install] no existing installation detected — this will be a fresh install.
[install] installing a persistent copy of the singbox-vpn source to /opt/singbox-vpn (for future updates/uninstall)...
[install] using operator-supplied PUBLIC_HOST=vpn.xn--e1awgr.com
[install] DNS for vpn.xn--e1awgr.com resolves to this server (157.173.27.46).
[install] REALITY_HANDSHAKE_SERVER=www.google.com answered with TLS 1.3 on 443/tcp — looks usable as a decoy.
[install] wrote install-state manifest (/var/lib/singbox-vpn/install-state.json, acceptance=installing)

[install] === [2/18] OS packages ===
[install] installing OS packages (dnf)...
[install] usable curl already present (/usr/bin/curl) — not adding 'curl' to the install list (avoids a curl-minimal/curl file conflict on Amazon Linux 2023 and similar images).
[install] staging SSH port 22/tcp into firewalld's permanent configuration before starting firewalld...
Warning: ALREADY_ENABLED: ssh
[install] permanent SSH allow rule for port 22/tcp positively verified on zone 'public' — starting firewalld now.
Created symlink /etc/systemd/system/dbus-org.fedoraproject.FirewallD1.service → /usr/lib/systemd/system/firewalld.service.
Created symlink /etc/systemd/system/multi-user.target.wants/firewalld.service → /usr/lib/systemd/system/firewalld.service.
[install] firewalld active on zone 'public'; SSH port 22/tcp positively confirmed allowed (permanent and runtime) before any further firewall changes.

[install] === [3/18] host configuration ===
[install] host configuration: PUBLIC_HOST=vpn.xn--e1awgr.com SUBSCRIPTION_HOST=vpn.xn--e1awgr.com

[install] === [4/18] singbox-vpn binaries ===
[install] checking for a prebuilt release (singbox-vpn-x86_64-unknown-linux-gnu.tar.gz)...
singbox-vpn-x86_64-unknown-linux-gnu.tar.gz: OK
[install] checksum verified against release SHA256SUMS.
[install] downloading pinned cosign v3.1.3 (amd64) to verify release attestations...
[install] artifact attestation verified for repository David610/singbox-vpn.
Verified OK
[install] installed prebuilt singbox-vpn v1.0.0-rc.7 binaries (x86_64-unknown-linux-gnu) — no Rust compiler needed.
[install] install mode: FRESH (no existing deployment detected).

[install] === [5/18] sing-box installation ===
[install] downloading pinned sing-box 1.13.19 (amd64) from official release assets...
[install] checksum verified against pinned expected SHA256 (no upstream checksums.txt published for this release).
sing-box version 1.13.19

Environment: go1.25.12 linux/amd64
Tags: with_gvisor,with_quic,with_dhcp,with_wireguard,with_utls,with_acme,with_clash_api,with_tailscale,with_ccm,with_ocm,with_naive_outbound,badlinkname,tfogo_checklinkname0,with_purego
Revision: b5ebaa1fc0f2b94256180b95468e73ef53caa27d
CGO: disabled
[install] sing-box 1.13.19 installed at /usr/local/bin/sing-box

[install] === [6/18] systemd ===
[install] installing systemd units...

[install] === [7/18] users/groups ===
useradd: group sing-box exists - if you want to add this user to that group, use -g.
[install] ERROR: installation failed: stage=users-groups function=create_service_users line=1757 operation=stage-command exit=9 (command text suppressed to protect secrets).
[install] this was a FRESH install (nothing existed before this run) — rolling back everything singbox-vpn created during this failed attempt...
[uninstall] stopping and disabling singbox-vpn services...
[uninstall] removing/restoring singbox-vpn systemd units...
[uninstall] removing installed binaries...
[uninstall] removing singbox-vpn-issued certificates...
[uninstall] no singbox-vpn-issued certificate lineages recorded (either none were issued, or this host predates ownership tracking — pre-existing/unrelated certificates are always left untouched).
[uninstall] removing/restoring singbox-vpn nginx configuration...
[uninstall] restoring kernel network tuning to its pre-singbox-vpn state...
[uninstall] no perf-tuning baseline found — kernel tuning was never applied, or already rolled back.
[uninstall] removing singbox-vpn firewall rules...
[uninstall] no singbox-vpn firewall ownership record found — either firewall rules were never added, or this uninstall already ran.
[uninstall] restored firewalld to its pre-singbox-vpn (not enabled) state.
[uninstall] removing singbox-vpn-created service accounts...
[uninstall] Rust toolchain was pre-existing (or never installed by singbox-vpn) — leaving it in place.
[uninstall] removing packages singbox-vpn installed that were not present before: libidn2
[uninstall] WARNING: some singbox-vpn-installed packages could not be removed automatically (likely still depended on by something else) — leaving them; check with: dnf list installed libidn2
[uninstall] removing singbox-vpn state under /var/lib/singbox-vpn...
[uninstall] removing /opt/singbox-vpn (persistent singbox-vpn source tree)...
[uninstall] UNINSTALL COMPLETE WITH SAFE RETAINED DEPENDENCIES/AMBIGUOUS ITEMS — critical singbox-vpn state is gone; see retained items below.
[uninstall] Non-critical items left behind (safe to ignore, or clean up manually):
[uninstall]   - package(s) singbox-vpn installed could not be removed (dnf refused, likely a dependency of unrelated software): libidn2

━━━━━━━━━━━━━━━━━━━━━━━━━━━━━━━━━━━━━━━━
 singbox-vpn uninstall: manual checklist
━━━━━━━━━━━━━━━━━━━━━━━━━━━━━━━━━━━━━━━━
This script cannot see or modify your CLOUD PROVIDER's network-level
firewall (AWS/EC2 Security Groups, GCP firewall rules, Azure NSGs,
etc.) — only this host's own firewall (firewalld/ufw), which it already
restored above. If you opened inbound rules there specifically for
singbox-vpn (443/tcp, 443/udp, the subscription port), remove them in that
provider's console/CLI yourself.
[bootstrap] install failed (exit 9). Temporary files cleaned up. See errors above.
[bootstrap] For diagnostics after a partial install: vpn doctor  /  journalctl -u sing-box -u vpn-subscription --no-pager -n 100
[FAIL][required] install.sh (baseline repair/retry) + SSH reconnect 

=== 9-18. runtime/protocol/user/update/backup/renewal checks ===
[BLOCKED] stages 9-18                                         (stage 8 did not establish a working baseline; dependent failures are intentionally not counted as separate bugs)

=== 19. uninstall completely (offline singbox-vpn-uninstall) ===
[PASS] target already clean (no installed uninstaller needed) 

=== 20. SSH after uninstall (new connection, port 22) ===
[PASS] SSH still active post-uninstall                        

=== 21. reinstall from the normal one-command production path ===
[BLOCKED] reinstall after uninstall                           (no reusable certificate snapshot; refusing another production ACME issuance)

=== 22-24. backup restore/state/protocol checks ===
[BLOCKED] stages 22-24                                        (requires both a successful backup and stage-21 reinstall; dependent failures are not counted separately)

=== 25. final uninstall (offline singbox-vpn-uninstall) ===
[PASS] target already clean at final uninstall                

=== 26. SSH after final uninstall (new connection, port 22) ===
[PASS] SSH still active post-uninstall                        

=== 27. final uninstall residue audit (vs. host baseline from stage 1b) — singbox-vpn-owned service/config/state/firewall/sysctl residue ===
[PASS] no NEW singbox-vpn-owned runtime/config/state residue vs. pre-install host baseline

=== manual-only / out-of-scope gates (cannot be automated here — UNVERIFIED, not PASS) ===
[UNVERIFIED] public/internet reachability from outside the target's network (no independent external controller in this harness)
[UNVERIFIED] real Hiddify iOS/Android/MagicOS import + connect + sustained traffic (client/device property — out of scope for this host lifecycle gate)
[UNVERIFIED] real GitHub release A->B update transition        (no --update-to-version given)
[UNVERIFIED] reboot-triggered client reconnect from a real device (Hiddify/other) after a server-side reboot (requires a second physical client; server recovery is tested above)

=== summary ===
failing stages: 3
blocked dependent stages/groups: 5
unverified items: 4
NOTE: this run has UNVERIFIED items above — do not treat PASS below as full v1.0 release readiness.
LIFECYCLE GATE: FAIL
