singbox-vpn destructive lifecycle acceptance gate
target: root@157.173.27.46
acceptance scope: PRODUCTION RELEASE v1.0.0-rc.9
THIS WILL WIPE singbox-vpn STATE ON THE TARGET HOST. 5s to Ctrl-C...

=== 0. connectivity + OS baseline ===
[PASS] SSH reachable                                          
[PASS] AlmaLinux 9 confirmed                                  
[PASS] x86_64 arch confirmed                                  

=== 0a. existing singbox-vpn installation guard ===
[PASS] no existing singbox-vpn installation detected on target — safe to provision fresh

=== 0b. bootstrap prerequisites (bash, curl, tar) ===
[PASS] bootstrap prerequisites present (bash, curl, tar)      

=== 1. SSH baseline (before any install) ===
[PASS] SSH baseline captured (port 22)                        

=== 1b. host baseline (sanitized, no secrets) ===
[PASS] host baseline captured                                 

=== 2. clean install ===
[bootstrap] singbox-vpn bootstrap installer starting (repo=David610/singbox-vpn)
[bootstrap] using pinned version v1.0.0-rc.9 (explicitly requested)
[bootstrap] downloading singbox-vpn v1.0.0-rc.9 release source archive + checksum manifest...
singbox-vpn-src.tar.gz: OK
[bootstrap] source archive checksum verified against release SHA256SUMS.
[bootstrap] downloading pinned cosign v3.1.3 (amd64) to verify release attestations...
Verified OK
[bootstrap] artifact attestation verified for repository David610/singbox-vpn.
[bootstrap] extracting...

[bootstrap] handing off to deploy/almalinux/install.sh (repo checked out at /tmp/singbox-vpn-install.dZ7JJf3j/singbox-vpn-src)

[install] === [1/18] preflight ===
[install] acquired installer lock (/run/lock/singbox-vpn-installer.lock) — no other install.sh/update.sh can run concurrently.
[install] detected OS: AlmaLinux 9.8 (Olive Jaguar) (family=rhel, implementation_coverage=tested)
[install] detected architecture: amd64 (x86_64)
[install] disk space OK: 29267MiB free on /
[install] memory OK: 1705MiB total
[install] internet connectivity OK (https://github.com reachable)
[install] DNS resolution OK (github.com)
[install] required ports (443/tcp, 443/udp, 8443/tcp) are free.
[install] confirmed SSH port: 22 — will remain allowed through any firewall activation singbox-vpn performs.
[install] no existing installation detected — this will be a fresh install.
[install] installing a persistent copy of the singbox-vpn source to /opt/singbox-vpn (for future updates/uninstall)...
[install] using operator-supplied PUBLIC_HOST=vpn.xn--e1awgr.com
[install] DNS for vpn.xn--e1awgr.com resolves to this server (157.173.27.46).
[install] REALITY_HANDSHAKE_SERVER=www.google.com answered with TLS 1.3 on 443/tcp — looks usable as a decoy.
[install] wrote install-state manifest (/var/lib/singbox-vpn/install-state.json, acceptance=installing)

[install] === [2/18] OS packages ===
[install] installing OS packages (dnf)...
[install] usable curl already present (/usr/bin/curl) — not adding 'curl' to the install list (avoids a curl-minimal/curl file conflict on Amazon Linux 2023 and similar images).
[install] staging SSH port 22/tcp into firewalld's permanent configuration before starting firewalld...
Warning: ALREADY_ENABLED: ssh
[install] permanent SSH allow rule for port 22/tcp positively verified on zone 'public' — starting firewalld now.
Created symlink /etc/systemd/system/dbus-org.fedoraproject.FirewallD1.service → /usr/lib/systemd/system/firewalld.service.
Created symlink /etc/systemd/system/multi-user.target.wants/firewalld.service → /usr/lib/systemd/system/firewalld.service.
[install] firewalld active on zone 'public'; SSH port 22/tcp positively confirmed allowed (permanent and runtime) before any further firewall changes.

[install] === [3/18] host configuration ===
[install] host configuration: PUBLIC_HOST=vpn.xn--e1awgr.com SUBSCRIPTION_HOST=vpn.xn--e1awgr.com

[install] === [4/18] singbox-vpn binaries ===
[install] checking for a prebuilt release (singbox-vpn-x86_64-unknown-linux-gnu.tar.gz)...
singbox-vpn-x86_64-unknown-linux-gnu.tar.gz: OK
[install] checksum verified against release SHA256SUMS.
[install] downloading pinned cosign v3.1.3 (amd64) to verify release attestations...
Verified OK
[install] artifact attestation verified for repository David610/singbox-vpn.
[install] installed prebuilt singbox-vpn v1.0.0-rc.9 binaries (x86_64-unknown-linux-gnu) — no Rust compiler needed.
[install] install mode: FRESH (no existing deployment detected).

[install] === [5/18] sing-box installation ===
[install] downloading pinned sing-box 1.13.19 (amd64) from official release assets...
[install] checksum verified against pinned expected SHA256 (no upstream checksums.txt published for this release).
sing-box version 1.13.19

Environment: go1.25.12 linux/amd64
Tags: with_gvisor,with_quic,with_dhcp,with_wireguard,with_utls,with_acme,with_clash_api,with_tailscale,with_ccm,with_ocm,with_naive_outbound,badlinkname,tfogo_checklinkname0,with_purego
Revision: b5ebaa1fc0f2b94256180b95468e73ef53caa27d
CGO: disabled
[install] sing-box 1.13.19 installed at /usr/local/bin/sing-box

[install] === [6/18] systemd ===
[install] installing systemd units...

[install] === [7/18] users/groups ===

[install] === [8/18] directories ===

[install] === [9/18] certificates ===
[install] temporarily allowed inbound TCP/80 for the ACME HTTP-01 challenge.
[install] requesting a Let's Encrypt certificate for vpn.xn--e1awgr.com via certbot (HTTP-01, standalone)...
[install] removed the temporary TCP/80 rule singbox-vpn added for the ACME challenge.
[install] WARNING: automatic certbot issuance failed for vpn.xn--e1awgr.com.
[install] Common causes, in likely order:
  1. DNS for 'vpn.xn--e1awgr.com' does not yet resolve to THIS server's public IP
     (check: dig +short vpn.xn--e1awgr.com   — or: getent hosts vpn.xn--e1awgr.com).
  2. TCP/80 is free locally (already checked) but blocked from the
     PUBLIC internet by your cloud provider's separate network firewall
     (e.g. an AWS/EC2 security group, a GCP firewall rule, an Azure NSG)
     — singbox-vpn only manages this host's own firewall (firewalld/ufw) and
     cannot see or change a cloud-provider-level firewall.
     For automatic certificate issuance (Let's Encrypt HTTP-01), TCP/80
     must be reachable from the public Internet (0.0.0.0/0) — Let's
     Encrypt's validation servers do not originate from your own IP, so
     restricting the rule to your IP will NOT make issuance succeed.
     If you only want to manually verify reachability from your own
     machine first, a rule scoped to your IP is fine for that test
     alone, but must be widened to 0.0.0.0/0 (or removed) before
     certbot will succeed. Add the appropriate inbound rule in that
     provider's console, then re-run.
  3. Verify external reachability directly, from a DIFFERENT machine
     (not this server — a check from here would only prove loopback
     works):
       curl -sS --max-time 5 http://vpn.xn--e1awgr.com/ -o /dev/null -w '%{http_code}\n'
     Any HTTP response (even 404) means TCP/80 is reachable from
     outside; a timeout/connection-refused means it is not.
  4. certbot's own log has the exact reason:
       tail -n 50 /var/log/letsencrypt/letsencrypt.log

Certbot output:
Saving debug log to /var/log/letsencrypt/letsencrypt.log
Requesting a certificate for vpn.xn--e1awgr.com
An unexpected error occurred:
too many certificates (5) already issued for this exact set of identifiers in the last 168h0m0s, retry after 2026-09-09 00:37:42 UTC: see https://letsencrypt.org/docs/rate-limits/#new-certificates-per-exact-set-of-identifiers
Ask for help or search for solutions at https://community.letsencrypt.org. See the logfile /var/log/letsencrypt/letsencrypt.log or re-run Certbot with -v for more details.
[install] ERROR: Hysteria2 TLS certificate/key missing.

  Hysteria2 TLS certificate missing: /etc/vpn/compat/hysteria/cert.pem
  Hysteria2 TLS key missing:         /etc/vpn/compat/hysteria/key.pem

Automatic issuance (certbot HTTP-01) already failed above — see that
output for the specific reason. In summary, ALL of the following must be
true simultaneously for automatic issuance to succeed:
  - DNS for vpn.xn--e1awgr.com resolves to this server's public IP.
  - TCP/80 is reachable from the public internet, not just locally free.
    singbox-vpn only manages the HOST firewall (firewalld/ufw) — a cloud
    provider's separate network firewall/security group (AWS, GCP,
    Azure, ...) may ALSO need an inbound TCP/80 rule; singbox-vpn cannot see or
    change that layer. Test from a DIFFERENT machine:
      curl -sS --max-time 5 http://vpn.xn--e1awgr.com/ -o /dev/null -w '%{http_code}\n'
  - certbot is installed and nothing else is holding TCP/80.

Provision a certificate for vpn.xn--e1awgr.com manually once the above are confirmed, e.g. with certbot:

  certbot certonly --standalone -d vpn.xn--e1awgr.com \
    --non-interactive --agree-tos -m admin@vpn.xn--e1awgr.com

Then copy/link the issued files into place:

  install -d -m 02750 -o root -g sing-box /etc/vpn/compat/hysteria
  install -m 0640 -o root -g sing-box \
    /etc/letsencrypt/live/vpn.xn--e1awgr.com/fullchain.pem /etc/vpn/compat/hysteria/cert.pem
  install -m 0640 -o root -g sing-box \
    /etc/letsencrypt/live/vpn.xn--e1awgr.com/privkey.pem /etc/vpn/compat/hysteria/key.pem

Re-run install.sh once both files exist. Installation stops here —
sing-box.service would otherwise start with a config that is guaranteed
to fail (spec: never claim success while Hysteria2 is guaranteed to fail).
[bootstrap] install failed (exit 1). Temporary files cleaned up. See errors above.
[bootstrap] For diagnostics after a partial install: vpn doctor  /  journalctl -u sing-box -u vpn-subscription --no-pager -n 100
[FAIL][required] install.sh (clean)                            

=== 3. SSH after install (new connection, port 22) ===
[PASS] SSH still active post-install                          

=== 4-5. acceptance/reboot checks ===
[BLOCKED] acceptance and reboot checks                        (clean install never established a working baseline)

=== 6. repair / idempotent re-run ===
[bootstrap] singbox-vpn bootstrap installer starting (repo=David610/singbox-vpn)
[bootstrap] using pinned version v1.0.0-rc.9 (explicitly requested)
[bootstrap] downloading singbox-vpn v1.0.0-rc.9 release source archive + checksum manifest...
singbox-vpn-src.tar.gz: OK
[bootstrap] source archive checksum verified against release SHA256SUMS.
[bootstrap] downloading pinned cosign v3.1.3 (amd64) to verify release attestations...
Verified OK
[bootstrap] artifact attestation verified for repository David610/singbox-vpn.
[bootstrap] extracting...

[bootstrap] handing off to deploy/almalinux/install.sh (repo checked out at /tmp/singbox-vpn-install.W80XxJka/singbox-vpn-src)

[install] === [1/18] preflight ===
[install] acquired installer lock (/run/lock/singbox-vpn-installer.lock) — no other install.sh/update.sh can run concurrently.
[install] detected OS: AlmaLinux 9.8 (Olive Jaguar) (family=rhel, implementation_coverage=tested)
[install] detected architecture: amd64 (x86_64)
[install] disk space OK: 29064MiB free on /
[install] memory OK: 1705MiB total
[install] internet connectivity OK (https://github.com reachable)
[install] DNS resolution OK (github.com)
[install] existing installation detected — skipping port-conflict checks (singbox-vpn owns these ports already).
[install] confirmed SSH port: 22 — will remain allowed through any firewall activation singbox-vpn performs.
[install] existing singbox-vpn installation detected at /etc/vpn/deployment.toml — this run will UPGRADE/REPAIR in place, preserving users and keys.
[install] reusing the existing root-controlled persistent source tree at /opt/singbox-vpn.
[install] using operator-supplied PUBLIC_HOST=vpn.xn--e1awgr.com
[install] DNS for vpn.xn--e1awgr.com resolves to this server (157.173.27.46).
[install] REALITY_HANDSHAKE_SERVER=www.google.com answered with TLS 1.3 on 443/tcp — looks usable as a decoy.
[install] wrote install-state manifest (/var/lib/singbox-vpn/install-state.json, acceptance=installing)

[install] === [2/18] OS packages ===
[install] installing OS packages (dnf)...
[install] usable curl already present (/usr/bin/curl) — not adding 'curl' to the install list (avoids a curl-minimal/curl file conflict on Amazon Linux 2023 and similar images).
[install] firewalld is already active on this host — preserving its existing configuration as-is, not re-activating it.

[install] === [3/18] host configuration ===
[install] host configuration: PUBLIC_HOST=vpn.xn--e1awgr.com SUBSCRIPTION_HOST=vpn.xn--e1awgr.com

[install] === [4/18] singbox-vpn binaries ===
[install] checking for a prebuilt release (singbox-vpn-x86_64-unknown-linux-gnu.tar.gz)...
singbox-vpn-x86_64-unknown-linux-gnu.tar.gz: OK
[install] checksum verified against release SHA256SUMS.
[install] downloading pinned cosign v3.1.3 (amd64) to verify release attestations...
Verified OK
[install] artifact attestation verified for repository David610/singbox-vpn.
[install] installed prebuilt singbox-vpn v1.0.0-rc.9 binaries (x86_64-unknown-linux-gnu) — no Rust compiler needed.
[install] install mode: REPAIR (existing deployment already at v1.0.0-rc.9).

[install] === [5/18] sing-box installation ===
[install] sing-box 1.13.19 already installed, skipping.

[install] === [6/18] systemd ===
[install] installing systemd units...

[install] === [7/18] users/groups ===

[install] === [8/18] directories ===

[install] === [9/18] certificates ===
[install] temporarily allowed inbound TCP/80 for the ACME HTTP-01 challenge.
[install] requesting a Let's Encrypt certificate for vpn.xn--e1awgr.com via certbot (HTTP-01, standalone)...
[install] removed the temporary TCP/80 rule singbox-vpn added for the ACME challenge.
[install] WARNING: automatic certbot issuance failed for vpn.xn--e1awgr.com.
[install] Common causes, in likely order:
  1. DNS for 'vpn.xn--e1awgr.com' does not yet resolve to THIS server's public IP
     (check: dig +short vpn.xn--e1awgr.com   — or: getent hosts vpn.xn--e1awgr.com).
  2. TCP/80 is free locally (already checked) but blocked from the
     PUBLIC internet by your cloud provider's separate network firewall
     (e.g. an AWS/EC2 security group, a GCP firewall rule, an Azure NSG)
     — singbox-vpn only manages this host's own firewall (firewalld/ufw) and
     cannot see or change a cloud-provider-level firewall.
     For automatic certificate issuance (Let's Encrypt HTTP-01), TCP/80
     must be reachable from the public Internet (0.0.0.0/0) — Let's
     Encrypt's validation servers do not originate from your own IP, so
     restricting the rule to your IP will NOT make issuance succeed.
     If you only want to manually verify reachability from your own
     machine first, a rule scoped to your IP is fine for that test
     alone, but must be widened to 0.0.0.0/0 (or removed) before
     certbot will succeed. Add the appropriate inbound rule in that
     provider's console, then re-run.
  3. Verify external reachability directly, from a DIFFERENT machine
     (not this server — a check from here would only prove loopback
     works):
       curl -sS --max-time 5 http://vpn.xn--e1awgr.com/ -o /dev/null -w '%{http_code}\n'
     Any HTTP response (even 404) means TCP/80 is reachable from
     outside; a timeout/connection-refused means it is not.
  4. certbot's own log has the exact reason:
       tail -n 50 /var/log/letsencrypt/letsencrypt.log

Certbot output:
Saving debug log to /var/log/letsencrypt/letsencrypt.log
Requesting a certificate for vpn.xn--e1awgr.com
An unexpected error occurred:
too many certificates (5) already issued for this exact set of identifiers in the last 168h0m0s, retry after 2026-09-09 00:46:20 UTC: see https://letsencrypt.org/docs/rate-limits/#new-certificates-per-exact-set-of-identifiers
Ask for help or search for solutions at https://community.letsencrypt.org. See the logfile /var/log/letsencrypt/letsencrypt.log or re-run Certbot with -v for more details.
[install] ERROR: Hysteria2 TLS certificate/key missing.

  Hysteria2 TLS certificate missing: /etc/vpn/compat/hysteria/cert.pem
  Hysteria2 TLS key missing:         /etc/vpn/compat/hysteria/key.pem

Automatic issuance (certbot HTTP-01) already failed above — see that
output for the specific reason. In summary, ALL of the following must be
true simultaneously for automatic issuance to succeed:
  - DNS for vpn.xn--e1awgr.com resolves to this server's public IP.
  - TCP/80 is reachable from the public internet, not just locally free.
    singbox-vpn only manages the HOST firewall (firewalld/ufw) — a cloud
    provider's separate network firewall/security group (AWS, GCP,
    Azure, ...) may ALSO need an inbound TCP/80 rule; singbox-vpn cannot see or
    change that layer. Test from a DIFFERENT machine:
      curl -sS --max-time 5 http://vpn.xn--e1awgr.com/ -o /dev/null -w '%{http_code}\n'
  - certbot is installed and nothing else is holding TCP/80.

Provision a certificate for vpn.xn--e1awgr.com manually once the above are confirmed, e.g. with certbot:

  certbot certonly --standalone -d vpn.xn--e1awgr.com \
    --non-interactive --agree-tos -m admin@vpn.xn--e1awgr.com

Then copy/link the issued files into place:

  install -d -m 02750 -o root -g sing-box /etc/vpn/compat/hysteria
  install -m 0640 -o root -g sing-box \
    /etc/letsencrypt/live/vpn.xn--e1awgr.com/fullchain.pem /etc/vpn/compat/hysteria/cert.pem
  install -m 0640 -o root -g sing-box \
    /etc/letsencrypt/live/vpn.xn--e1awgr.com/privkey.pem /etc/vpn/compat/hysteria/key.pem

Re-run install.sh once both files exist. Installation stops here —
sing-box.service would otherwise start with a config that is guaranteed
to fail (spec: never claim success while Hysteria2 is guaranteed to fail).
[bootstrap] install failed (exit 1). Temporary files cleaned up. See errors above.
[bootstrap] For diagnostics after a partial install: vpn doctor  /  journalctl -u sing-box -u vpn-subscription --no-pager -n 100
[FAIL][required] install.sh (idempotent re-run) + SSH reconnect 

=== 7. failed/interrupted install cleanup (scratch scenario; ends with singbox-vpn fully removed) ===
[BLOCKED] interrupted-install cleanup scenario                (no working installation to exercise as a repair)

=== 8. reinstall after interrupted-install cleanup (back to a working baseline for the rest of this run) ===
[bootstrap] singbox-vpn bootstrap installer starting (repo=David610/singbox-vpn)
[bootstrap] using pinned version v1.0.0-rc.9 (explicitly requested)
[bootstrap] downloading singbox-vpn v1.0.0-rc.9 release source archive + checksum manifest...
singbox-vpn-src.tar.gz: OK
[bootstrap] source archive checksum verified against release SHA256SUMS.
[bootstrap] downloading pinned cosign v3.1.3 (amd64) to verify release attestations...
Verified OK
[bootstrap] artifact attestation verified for repository David610/singbox-vpn.
[bootstrap] extracting...

[bootstrap] handing off to deploy/almalinux/install.sh (repo checked out at /tmp/singbox-vpn-install.eAUhWMwZ/singbox-vpn-src)

[install] === [1/18] preflight ===
[install] acquired installer lock (/run/lock/singbox-vpn-installer.lock) — no other install.sh/update.sh can run concurrently.
[install] detected OS: AlmaLinux 9.8 (Olive Jaguar) (family=rhel, implementation_coverage=tested)
[install] detected architecture: amd64 (x86_64)
[install] disk space OK: 28929MiB free on /
[install] memory OK: 1705MiB total
[install] internet connectivity OK (https://github.com reachable)
[install] DNS resolution OK (github.com)
[install] existing installation detected — skipping port-conflict checks (singbox-vpn owns these ports already).
[install] confirmed SSH port: 22 — will remain allowed through any firewall activation singbox-vpn performs.
[install] existing singbox-vpn installation detected at /etc/vpn/deployment.toml — this run will UPGRADE/REPAIR in place, preserving users and keys.
[install] reusing the existing root-controlled persistent source tree at /opt/singbox-vpn.
[install] using operator-supplied PUBLIC_HOST=vpn.xn--e1awgr.com
[install] DNS for vpn.xn--e1awgr.com resolves to this server (157.173.27.46).
[install] REALITY_HANDSHAKE_SERVER=www.google.com answered with TLS 1.3 on 443/tcp — looks usable as a decoy.
[install] wrote install-state manifest (/var/lib/singbox-vpn/install-state.json, acceptance=installing)

[install] === [2/18] OS packages ===
[install] installing OS packages (dnf)...
[install] usable curl already present (/usr/bin/curl) — not adding 'curl' to the install list (avoids a curl-minimal/curl file conflict on Amazon Linux 2023 and similar images).
[install] firewalld is already active on this host — preserving its existing configuration as-is, not re-activating it.

[install] === [3/18] host configuration ===
[install] host configuration: PUBLIC_HOST=vpn.xn--e1awgr.com SUBSCRIPTION_HOST=vpn.xn--e1awgr.com

[install] === [4/18] singbox-vpn binaries ===
[install] checking for a prebuilt release (singbox-vpn-x86_64-unknown-linux-gnu.tar.gz)...
singbox-vpn-x86_64-unknown-linux-gnu.tar.gz: OK
[install] checksum verified against release SHA256SUMS.
[install] downloading pinned cosign v3.1.3 (amd64) to verify release attestations...
[install] artifact attestation verified for repository David610/singbox-vpn.
Verified OK
[install] installed prebuilt singbox-vpn v1.0.0-rc.9 binaries (x86_64-unknown-linux-gnu) — no Rust compiler needed.
[install] install mode: REPAIR (existing deployment already at v1.0.0-rc.9).

[install] === [5/18] sing-box installation ===
[install] sing-box 1.13.19 already installed, skipping.

[install] === [6/18] systemd ===
[install] installing systemd units...

[install] === [7/18] users/groups ===

[install] === [8/18] directories ===

[install] === [9/18] certificates ===
[install] temporarily allowed inbound TCP/80 for the ACME HTTP-01 challenge.
[install] requesting a Let's Encrypt certificate for vpn.xn--e1awgr.com via certbot (HTTP-01, standalone)...
[install] removed the temporary TCP/80 rule singbox-vpn added for the ACME challenge.
[install] WARNING: automatic certbot issuance failed for vpn.xn--e1awgr.com.
[install] Common causes, in likely order:
  1. DNS for 'vpn.xn--e1awgr.com' does not yet resolve to THIS server's public IP
     (check: dig +short vpn.xn--e1awgr.com   — or: getent hosts vpn.xn--e1awgr.com).
  2. TCP/80 is free locally (already checked) but blocked from the
     PUBLIC internet by your cloud provider's separate network firewall
     (e.g. an AWS/EC2 security group, a GCP firewall rule, an Azure NSG)
     — singbox-vpn only manages this host's own firewall (firewalld/ufw) and
     cannot see or change a cloud-provider-level firewall.
     For automatic certificate issuance (Let's Encrypt HTTP-01), TCP/80
     must be reachable from the public Internet (0.0.0.0/0) — Let's
     Encrypt's validation servers do not originate from your own IP, so
     restricting the rule to your IP will NOT make issuance succeed.
     If you only want to manually verify reachability from your own
     machine first, a rule scoped to your IP is fine for that test
     alone, but must be widened to 0.0.0.0/0 (or removed) before
     certbot will succeed. Add the appropriate inbound rule in that
     provider's console, then re-run.
  3. Verify external reachability directly, from a DIFFERENT machine
     (not this server — a check from here would only prove loopback
     works):
       curl -sS --max-time 5 http://vpn.xn--e1awgr.com/ -o /dev/null -w '%{http_code}\n'
     Any HTTP response (even 404) means TCP/80 is reachable from
     outside; a timeout/connection-refused means it is not.
  4. certbot's own log has the exact reason:
       tail -n 50 /var/log/letsencrypt/letsencrypt.log

Certbot output:
Saving debug log to /var/log/letsencrypt/letsencrypt.log
Requesting a certificate for vpn.xn--e1awgr.com
An unexpected error occurred:
too many certificates (5) already issued for this exact set of identifiers in the last 168h0m0s, retry after 2026-09-09 00:05:34 UTC: see https://letsencrypt.org/docs/rate-limits/#new-certificates-per-exact-set-of-identifiers
Ask for help or search for solutions at https://community.letsencrypt.org. See the logfile /var/log/letsencrypt/letsencrypt.log or re-run Certbot with -v for more details.
[install] ERROR: Hysteria2 TLS certificate/key missing.

  Hysteria2 TLS certificate missing: /etc/vpn/compat/hysteria/cert.pem
  Hysteria2 TLS key missing:         /etc/vpn/compat/hysteria/key.pem

Automatic issuance (certbot HTTP-01) already failed above — see that
output for the specific reason. In summary, ALL of the following must be
true simultaneously for automatic issuance to succeed:
  - DNS for vpn.xn--e1awgr.com resolves to this server's public IP.
  - TCP/80 is reachable from the public internet, not just locally free.
    singbox-vpn only manages the HOST firewall (firewalld/ufw) — a cloud
    provider's separate network firewall/security group (AWS, GCP,
    Azure, ...) may ALSO need an inbound TCP/80 rule; singbox-vpn cannot see or
    change that layer. Test from a DIFFERENT machine:
      curl -sS --max-time 5 http://vpn.xn--e1awgr.com/ -o /dev/null -w '%{http_code}\n'
  - certbot is installed and nothing else is holding TCP/80.

Provision a certificate for vpn.xn--e1awgr.com manually once the above are confirmed, e.g. with certbot:

  certbot certonly --standalone -d vpn.xn--e1awgr.com \
    --non-interactive --agree-tos -m admin@vpn.xn--e1awgr.com

Then copy/link the issued files into place:

  install -d -m 02750 -o root -g sing-box /etc/vpn/compat/hysteria
  install -m 0640 -o root -g sing-box \
    /etc/letsencrypt/live/vpn.xn--e1awgr.com/fullchain.pem /etc/vpn/compat/hysteria/cert.pem
  install -m 0640 -o root -g sing-box \
    /etc/letsencrypt/live/vpn.xn--e1awgr.com/privkey.pem /etc/vpn/compat/hysteria/key.pem

Re-run install.sh once both files exist. Installation stops here —
sing-box.service would otherwise start with a config that is guaranteed
to fail (spec: never claim success while Hysteria2 is guaranteed to fail).
[bootstrap] install failed (exit 1). Temporary files cleaned up. See errors above.
[bootstrap] For diagnostics after a partial install: vpn doctor  /  journalctl -u sing-box -u vpn-subscription --no-pager -n 100
[FAIL][required] install.sh (baseline repair/retry) + SSH reconnect 

=== 9-18. runtime/protocol/user/update/backup/renewal checks ===
[BLOCKED] stages 9-18                                         (stage 8 did not establish a working baseline; dependent failures are intentionally not counted as separate bugs)

=== 19. uninstall completely (offline singbox-vpn-uninstall) ===
[uninstall] stopping and disabling singbox-vpn services...
[uninstall] removing/restoring singbox-vpn systemd units...
[uninstall] removing installed binaries...
[uninstall] removing singbox-vpn-issued certificates...
[uninstall] no singbox-vpn-issued certificate lineages recorded (either none were issued, or this host predates ownership tracking — pre-existing/unrelated certificates are always left untouched).
[uninstall] removing/restoring singbox-vpn nginx configuration...
[uninstall] restoring kernel network tuning to its pre-singbox-vpn state...
[uninstall] no perf-tuning baseline found — kernel tuning was never applied, or already rolled back.
[uninstall] removing singbox-vpn firewall rules...
[uninstall] no singbox-vpn firewall ownership record found — either firewall rules were never added, or this uninstall already ran.
[uninstall] restored firewalld to its pre-singbox-vpn (not enabled) state.
[uninstall] removing singbox-vpn-created service accounts...
[uninstall] Rust toolchain was pre-existing (or never installed by singbox-vpn) — leaving it in place.
[uninstall] removing packages singbox-vpn installed that were not present before: libidn2
[uninstall] WARNING: some singbox-vpn-installed packages could not be removed automatically (likely still depended on by something else) — leaving them; check with: dnf list installed libidn2
[uninstall] removing /etc/vpn (singbox-vpn created this directory; contains the REALITY private key, Hysteria2 material, all user credentials, deployment.toml)...
[uninstall] removing singbox-vpn state under /var/lib/singbox-vpn...
[uninstall] removing /opt/singbox-vpn (persistent singbox-vpn source tree)...
[uninstall] UNINSTALL COMPLETE WITH SAFE RETAINED DEPENDENCIES/AMBIGUOUS ITEMS — critical singbox-vpn state is gone; see retained items below.
[uninstall] Non-critical items left behind (safe to ignore, or clean up manually):
[uninstall]   - package(s) singbox-vpn installed could not be removed (dnf refused, likely a dependency of unrelated software): libidn2

━━━━━━━━━━━━━━━━━━━━━━━━━━━━━━━━━━━━━━━━
 singbox-vpn uninstall: manual checklist
━━━━━━━━━━━━━━━━━━━━━━━━━━━━━━━━━━━━━━━━
This script cannot see or modify your CLOUD PROVIDER's network-level
firewall (AWS/EC2 Security Groups, GCP firewall rules, Azure NSGs,
etc.) — only this host's own firewall (firewalld/ufw), which it already
restored above. If you opened inbound rules there specifically for
singbox-vpn (443/tcp, 443/udp, the subscription port), remove them in that
provider's console/CLI yourself.

__SINGBOX_VPN_UNINSTALL_DONE__ rc=0
[PASS] singbox-vpn-uninstall --yes (offline, local binary only)
[PASS] offline uninstall left no NEW singbox-vpn-owned residue vs. pre-install host baseline

=== 20. SSH after uninstall (new connection, port 22) ===
[PASS] SSH still active post-uninstall                        

=== 21. reinstall from the normal one-command production path ===
[BLOCKED] reinstall after uninstall                           (no reusable certificate snapshot; refusing another production ACME issuance)

=== 22-24. backup restore/state/protocol checks ===
[BLOCKED] stages 22-24                                        (requires both a successful backup and stage-21 reinstall; dependent failures are not counted separately)

=== 25. final uninstall (offline singbox-vpn-uninstall) ===
[PASS] target already clean at final uninstall                

=== 26. SSH after final uninstall (new connection, port 22) ===
[PASS] SSH still active post-uninstall                        

=== 27. final uninstall residue audit (vs. host baseline from stage 1b) — singbox-vpn-owned service/config/state/firewall/sysctl residue ===
[PASS] no NEW singbox-vpn-owned runtime/config/state residue vs. pre-install host baseline

=== manual-only / out-of-scope gates (cannot be automated here — UNVERIFIED, not PASS) ===
[UNVERIFIED] public/internet reachability from outside the target's network (no independent external controller in this harness)
[UNVERIFIED] real Hiddify iOS/Android/MagicOS import + connect + sustained traffic (client/device property — out of scope for this host lifecycle gate)
[UNVERIFIED] real GitHub release A->B update transition        (no --update-to-version given)
[UNVERIFIED] reboot-triggered client reconnect from a real device (Hiddify/other) after a server-side reboot (requires a second physical client; server recovery is tested above)

=== summary ===
failing stages: 3
blocked dependent stages/groups: 5
unverified items: 4
NOTE: this run has UNVERIFIED items above — do not treat PASS below as full v1.0 release readiness.
LIFECYCLE GATE: FAIL
