singbox-vpn destructive lifecycle acceptance gate
target: root@157.173.27.46
acceptance scope: DEVELOPMENT BRANCH main (NOT production acceptance)
THIS WILL WIPE singbox-vpn STATE ON THE TARGET HOST. 5s to Ctrl-C...

=== 0. connectivity + OS baseline ===
[FAIL][required] SSH reachable                                 
[FAIL][required] AlmaLinux 9 confirmed                         (not AlmaLinux 9 — off the supported OS matrix)
[FAIL][required] x86_64 arch confirmed                         (not x86_64 — off the supported arch matrix)

=== 0a. existing singbox-vpn installation guard ===
[PASS] no existing singbox-vpn installation detected on target — safe to provision fresh

=== 0b. bootstrap prerequisites (bash, curl, tar) ===
[FAIL][required] bootstrap prerequisites                       missing: bash curl tar

=== 1. SSH baseline (before any install) ===
[FAIL] SSH baseline captured                                   

=== 1b. host baseline (sanitized, no secrets) ===
[FAIL] host baseline captured                                  

=== 2. clean install ===
[BLOCKED] install.sh (clean)                                  (bootstrap prerequisites missing on target — see stage 0b; the curl|bash pipeline cannot possibly run)

=== 3. SSH after install (new connection, port 22) ===
[FAIL][required] SSH still active post-install                 

=== 4-5. acceptance/reboot checks ===
[BLOCKED] acceptance and reboot checks                        (clean install never established a working baseline)

=== 6. repair / idempotent re-run ===
[BLOCKED] install.sh (idempotent re-run) + SSH reconnect      (bootstrap prerequisites missing on target — see stage 0b)

=== 7. failed/interrupted install cleanup (scratch scenario; ends with singbox-vpn fully removed) ===
[BLOCKED] interrupted-install cleanup scenario                (no working installation to exercise as a repair)

=== 8. reinstall after interrupted-install cleanup (back to a working baseline for the rest of this run) ===
[BLOCKED] install.sh (baseline repair/retry) + SSH reconnect  (bootstrap prerequisites missing on target — see stage 0b)

=== 9-18. runtime/protocol/user/update/backup/renewal checks ===
[BLOCKED] stages 9-18                                         (stage 8 did not establish a working baseline; dependent failures are intentionally not counted as separate bugs)

=== 19. uninstall completely (offline singbox-vpn-uninstall) ===
[FAIL][required] offline uninstall available for partial state [UNINSTALL_MISSING_BINARY] (partial singbox-vpn state exists but local uninstaller is missing)

=== 20. SSH after uninstall (new connection, port 22) ===
[FAIL][required] SSH still active post-uninstall               

=== 21. reinstall from the normal one-command production path ===
[BLOCKED] reinstall after uninstall                           (no reusable certificate snapshot; refusing another production ACME issuance)

=== 22-24. backup restore/state/protocol checks ===
[BLOCKED] stages 22-24                                        (requires both a successful backup and stage-21 reinstall; dependent failures are not counted separately)

=== 25. final uninstall (offline singbox-vpn-uninstall) ===
[FAIL][required] final offline uninstall available for partial state [UNINSTALL_MISSING_BINARY] 

=== 26. SSH after final uninstall (new connection, port 22) ===
[FAIL][required] SSH still active post-uninstall               

=== 27. final uninstall residue audit (vs. host baseline from stage 1b) — singbox-vpn-owned service/config/state/firewall/sysctl residue ===
[PASS] no NEW singbox-vpn-owned runtime/config/state residue vs. pre-install host baseline

=== manual-only / out-of-scope gates (cannot be automated here — UNVERIFIED, not PASS) ===
[UNVERIFIED] public/internet reachability from outside the target's network (no independent external controller in this harness)
[UNVERIFIED] real Hiddify iOS/Android/MagicOS import + connect + sustained traffic (client/device property — out of scope for this host lifecycle gate)
[UNVERIFIED] real GitHub release A->B update transition        (no --update-to-version given)
[UNVERIFIED] reboot-triggered client reconnect from a real device (Hiddify/other) after a server-side reboot (requires a second physical client; server recovery is tested above)

=== summary ===
ACCEPTANCE CLASSIFICATION: DEVELOPMENT LIFECYCLE ONLY — NOT PRODUCTION ACCEPTANCE
failing stages: 11
blocked dependent stages/groups: 8
unverified items: 4
NOTE: this run has UNVERIFIED items above — do not treat PASS below as full v1.0 release readiness.
LIFECYCLE GATE: FAIL
